// Jest Snapshot v1, https://goo.gl/fbAQLP

exports[`pruebas sobre el componente App Debe de hacer match con el snapshot 1`] = `
<div>
  <h1>
    Buscador de Gifs
  </h1>
  <form
    aria-label="form"
  >
    <input
      placeholder="Buscar gifs"
      type="text"
      value=""
    />
  </form>
  <h3 />
  <div
    class="card-grid"
  >
    <p>
      Loading...
    </p>
  </div>
</div>
`;
